(node:13152) [MODULE_TYPELESS_PACKAGE_JSON] Warning: Module type of file:///C:/Users/Tamilvendhan/sttc-website/app/lib/leadStore.ts is not specified and it doesn't parse as CommonJS.
Reparsing as ES module because module syntax was detected. This incurs a performance overhead.
To eliminate this warning, add "type": "module" to C:\Users\Tamilvendhan\sttc-website\package.json.
(Use `node --trace-warnings ...` to show where the warning was created)
✔ saveLead creates a customer code and preserves ownership metadata (18.6037ms)
ℹ tests 1
ℹ suites 0
ℹ pass 1
ℹ fail 0
ℹ cancelled 0
ℹ skipped 0
ℹ todo 0
ℹ duration_ms 345.51
